256
256
#########.........................##....................#########.............#############............###########.........................######.......###########......#....#..........................##....##########........########.......######..........
##########.......................#####...................########..............###########.............##########...........................####........###########.....####........#.........................##########........#########.......########........
###########.....................######...................#########...............##########...........##########..............................#..........#########.....######......###.......................##########........##########.......########........
#############..................########.....#.............#########................##########.........#######.#......................................#.....######.....######......######......................###########......##########.......########........
##############..................#########.###.............###########...............##########........########......................................###.....####......#####......########......................###########....###########.......########.....##.
###############...................############..............##########................#########......##########.....................#..............#####......#......######.....##########.......................###########.############.......########..#####.
#################..................##########.#.............###########...............###########....##########....................####...........########..........######.......#########.......................#######################........########.#######
##################..................############.##...........##########...............###########....########....................#######.........#########........######.........#######.........................#####################.........########.#######
#################.....................##############..........###########...............##########.....#######....................######.........###########......######........########............................##################..##......########.#######
#################......................##############...........##########...............##########.....#####....................#######........###########......#######.......##########............................################..####.....########.#######
################.......................###############..........##########................#########...######....................#######........###########.......######.......##########.....#........................##############..#####.....#######..#######
###############.........................#.#############..........##########................########..###.##....................#######........############......######.......#############.#.##.........................###########..######.....#######..#######
###############...........................##############..........##########................############..#....................######..........##########......######........####################........................########....######.....#######..#######
##############..........#..................#############...........##########................##########.......................#######............#######........#####.......######################........................######....#######.....#######..#######
##############.........###..................############............##########................###########....................#######........#.....#####..........###.......###########.############.........................###....########.....#######..#######
#############.........#####..................############............###########...............###########..................#######........###.....####...........#.......###########....###########.........................#....##########....#######..#######
############..........######...................############...........###########................###########................#######........#####.....#...................############.....############.............................#########....#######..#######
############.........#########...................############..........###########................###########..............#######........#######.......................############.....##############.............................########....################
###########.........###########...................############..........###########................############...........#######........#########.................#....###########.......##############.............................#######....################
##########.........###.#########....................###########..........#.#########.................###########...........#####........############..............####.###########.........###############.............................#####....###############.
##########........###..##########...................############..........###########.................############...........###........#############.............###############............##############.............................####....###############.
#########.........#################...................###########.......#..#..########.................############...........#........###############...........###############..............##############.............................###....################
#########........###################...................###########.....##......#########.................###########..................##################........################...............##############...................................################
########.........#######.#############..................############..#####.....#########.................############.................##################......################..................##############................................#################
#######.........#######...##############.................#.#################......########..................###########..................###############.......##########.####....................##############...............................#################
#######.........######.....##############.................#################..#.....########..................###########..................#############.......##########....#......................##############..............................################.
######.........######.......##############.................##.#############.###.....#########..................##########..................############......###########............................############...............................###############..
#####.........######.........###############...................###########.###.##....#########..................##########...................#########.......##########...............................##########...............................################.
####.........#######..........##.############..................###################....##########.................###########..................#######.......##########.................................########................................#################
.##...........#####.............##############..................#############.#####....###########.................##########.#..............#######.......##########...................................########...............................#################
................####.#.##........##############...................#################################.................#############............#######......##########......................................#####.................................################
.................#########.........###..#########..................#################################.................#############..........#######.......##########.......................................#......................................#############.
..................#########.........#....#########..................##################################................#############........#########.....##########..........................#.....................................................#############
....................########..............#########..................#.################################................##############.....#########.....##########..........................####.........................###........................############
.....................#########.............#########...................#################...##############................#############....#########....##########..........................######.......................#####.........................##########
..........##...........########.............##########..................#.################..##############................##############.#########.....##########.........................########......................######.........................#########
.........####...........########..............#########..................###################.##..###########...............######################.....##########..........................##########...................########.........................########
.........######...........########.............#########....................#################.....###########...............#####################....##########........................#.############.................#########...........................######
........######.#...........########.............##########.................##############.##.##.....###########...............################.#.....#########........................############..#................##########............................#####
.......##########............#######..............##########..................##################......##########..............################......#########.........................#############..................#########..............................####
.......######.#####...........########..............#########..................################.#......########................##############......##########........................#############..................############..............................##
......######.#######...........########..............#########...................#################.....########.................##############....##########........................#############..................#########.#####.............................#
.....################...........########..............##########..................##################...#######....................#############...#########........................#############..................##########..#####.............................
.....######...########...........########...............#########..................##################.#######......................#############.#########.........................##########.#...................#########..#####..............................
....#######...##########...........########..............#########..................################.#######.......................##############.#######.........................###########....................#########....####.....#........................
....######...############...........#########.............#########..................###############.#######.......................######################........................###########....................#########.......#.....###.......................
.....#####....###########............#########.............#########..................#.###########.#######.........##..............####################.........................##########....................##########............######.....................
.....######....###########.............########..............########...................##########.#.######........#####.............##################.........................##########.....................#########.............#######....................
.....######.....##..######..............#########.............#########..................#############.###.........######..............#################.......................###########....................#########.............#########...................
.....######..........######..............#########.............##########.................#############..#........########..............###############.......................###########....................#########.............############.................
......#####...........#####...............#########.............##########..................############.........#########...............##############.......................##########....................##########.............#############................
......######..........#####................#########..............##########................###########.........######.####...............############...#...................###########....................#########.............###############...............
......######..........######.................########..............##########..................########........#######..####................############.###................###########....................#########.............#################..............
......######...........#####..................#########.............##########..................######........#######....#####...............################...............##########....................#########.............####################............
#......######..........######..................#########.............##########...................####.......########...#######...............################.............##########....................##########.............#####################...........
#......######..........######....................########..............##########...................#.......########.....#######...............#################...........##########....................#########.............#######################..........
#......######...........#####..........#..........#########..............#########..........................#######.......#######................################.........##########....................#########.............#######################...........
##......#####...........######........####.........#########..............#########........................#######.........#######................##..############.........########....................#########.............########################...........
##......######...........#####.......######..........#########.............#########......................#######............#######...................#############......########....................##########.............#######################............
##......######...........######......#######..........#########.............##########...................#######..............#######..................##############.....#########...................#########.............#######################.............
##......######...........######.......########..........########..............#########...................########.............#######..................############.......########..................#########.............#######################..............
###......######...........#####.......#########..........#########.............##########..................########.............#######...................############.....########...................##########..........########################..............
###......######...........######.......#########..........#########.............##########...................#######.............#######...................#############....#######...................###########.........#######################...............
###......######..........#######.......###########.........#########.............##########...................########.............#######..................##############...#.###...................##############......#######################................
###......######..........########.......###########.........##########.............#########...................########.............#######...................#############.###..............###############.#####......#######################.................
####......######..........#######.......############..........#########.............#######......................#######.............#######...................###########.#####...........#################...###.....########################.................
####......######..........#####..........#############.........#########..............#####.......................########............#######.................############.######.........###################...#......#######################.................#
####......######..........###............##############.........#########............#####.........................########............########................###################........###################.........#######################..................#
####......#######...####..#.....##.......###############..........########.......#..#####............................#######............########.................################.........###################........#######################...................#
####.......######...####......####........################.........#########....###.##.#........###...................########............#######.................###############........#####################......########################....................
#####......######...####.....######.......#################.........#########...######.........#####...................########............#######..................#.##########.........#####################......#######################....................#
#####......######....###.....######........#################.........########..######.........######.....................#######............#######...................##########.........####################......#######################......................
#####.......######...####.....######.......###################........######..######.........########.....................########...........########................###########..........###################......######################.......................
#####.......######...####.....######........###################.........####.#######.........########......................########...........########...............###########...........#################...###.######################.......................
######......######...####......######.......####################..........#########.........#########.......................########...........########..............##########.............################...###..####################........................
######......#######..####......######........#####################.........#######.........##########.........................########...........#######................#######..............##############....###....#################.........................
######.......######...###......#######.......######################.........######........############.........................########...........#######...................###.................##########.............###############..........................
######.......######...####......######.......#######################.........####........#############..........................########...........########..........................................###.................#############..........................
######.......######...####......######........########################.........#........##############............................########..........########..............................................................###########...........................
#######......#######..####.......######.......#########################................################............................########..........########...............................................................########............................
#######.......######...####......######........#########################...............################.............................########...........#######................................................................#####.............................
#######.......######...####......#######.......###########################............#################...............................########..........########...............................................................####.............................
#######.......#######..####.......######........###########################..........##################................................########..........#.######................................................................#..............................
########......#######..####.......#######.......############################........####################..........##....................########............######..............................................................................................
########.......######...####.......######.......###########################........#####################.........####.....................########..........#######...........................................................................................##
########.......#######..####.......#######.......#########################........######################........#####......................########......##########..........................................................................................###
########.......#######..####........######.......########################........#######################........#####.......................#######..##############...........................................................................................##
#########......#######..####........######........#######################........########################.......#####.........................#####################............................................................................................#
#########.......######...####.......#######.......######################........#########################........###...........................##################.............................................................................................##
#########.......#######..####........######........####################........##########################.......................................##############...............................................................................................###
#########.......#######..####........#######.......###################........############################.......................................##########.....................................##........................................................#.####
#########........######..####.........######........#################........#############################.........................................#####.....................................#########...................................................#######
##########.......#######..####........#######.......################........##############################...............................................................................##################.............................................########
##########.......#######..####........#######.......################.......###############################............................................................................###########################........................................#######
##########.......#######..####.........#######.......##############........################################........................................................................###################################.....................................#####
##########........######..####.........#######.......#############........#################################.................................................................###..##########################################...............................######
###########.......#######.####..........######........###########........##################################..................##..........................................######..##################..#########################............................######
###########.......#######..####.........#######.......##########........####################################..............#####..........................................######...#################........###################........##.................#######
###########.......#######..####.....#...#######........########........#####################################...............##............................................#######..###############...............##############........#####...............######
###########........#######.####...###....#######.......#######........######################################.............................................................#######..###########.........................#######.........#########............#####
############.......#######.##.....####...#######........######.......#######################################..............................................................######...######...............................#####........############............###
############.......#######.........###...#######........#####........########################################.............................................................######...##...................................#####........############.............##
############.......#######.........####...#######........###........#########################################.............................................................#######.......................................#####........##############............#
###########.........#######........####...#######.........#........########################################...............................................................#######.....................#................######........#################..........
..#########.........#######.........####...#######................#####################################...................................................................#######....................###...............######........#################..........
...#######..........#######.........##.....#######...............###################################........................................................................#####...................#####..............#####........##################..........
....#####............#######...............########.............################################............................................................................#####..................#######.............#####........##################..........
......###............#######................#######............##############################...............................................................................#####.................#########............#####........##################..........
.......#.............#######.................######............##########################...................................................................................######.................#########..........######........##################..........
.....................#######.................######...........#######################...................................................###.................................######..................#########.........######........#################...........
......................#######................#######.........#####################..................................................#######.................................######...................#########........######.......##################...........
......................#######.................######........##################..........................................####...############.................................######....................#########.......######.......#############..###...........
......................#######.................######........###############.............................................####################................................######.....................#########......#####........#############................
......................########................#######........##########.................................................####################................................######......................########........###...........###########.............#.
.......................#######............###########........#######.....................................................###################.................................#####.......................########................###......#######............###
.......................#######.........##############.........##.........................................................###################.................................#####........................########...............#####........###............###
.......................#######......##################...................................................................####################................................######........................########..............#####......................####
.......................########.######################...................................................................####################................................######.........................########.............#####.....................#####
........................############################.....................................................................#################...................................######.........................#########...........######.....................#####
........................########################..........................................................................############.......................................######.......##.................#########..........#####.....................######
#.........................###################.............................................................................#######............................................######.......##..................#########.........#####....................#######
###......................################.................................................................................###................................................######.......##...................#########........#####...................########
####.....................############........................................................................................................................................###################................#########...............................#######.
#####.....................########...........................................................................................................................................###################.................#########.............................########.
#######.....................##...............................................................................................................................................###################..................#########...........................########..
########..........................................................##.........................................................................................................###################...................#########.........................########...
#########......................................................#####.........................................................................................................######################.................#########........................########...
###########................................................#########...........................................###...........................................................###########.....######..................#########......................########....
############.............................................###########.......................................#######...........................................................######..........######...................#########....................########.....
#############............................................############...................................##########...........................................................######..........#######...................#########..................#########.....
############..............................................###########...................................###########..........................................................#######.........#######....................#########.................########......
#########.................................................###########....................................##########..........................................................#######.........########....................#########...............########.......
#####.....................................................###########....................................########.............................................................######.........######.......................#########.............########........
#.........................................................#########......................................#######..............................................................#######.........#####........................########............#########.....#..
...........................................................########.......................................######..............................................................#######.........#####.........................########...........########.....###.
...........................................................########......................................########.............................................................#######.........#####..........................########.........#######......#####
...........................................................#########.................................############.............................................................######..........######..........................########.......#######......#####.
............................................................########.............................##############...............................................................######..........######.......##..................########.....#########.#...####..
............................................................########..........................#################...............................................................######..........######.......##..##..............#########.....###########....##..
............................................................########......................######################..............................................................######..........###################...............#########.....############......
............................................................#########.................##########################..............................................................###.............###################................#########......###########.....
.............................................................########.............##############################..............................................................................###################.................#########......###########....
.............................................................########..........################################...............................................................................###################..................#########........##########..
.............................................................########......####################################...............................................................................###################...................#########........###########
.............................................................#########.#########################################..............................................................................######............##...................#######..........##########
.........................................................##...##################################################..............................................................................######.........#####....................#####.............########
.....................................................######..#################################################................................................................................######.........#####.....................###...............#######
...........................................##.....########################################################....................................................................................######.........#####......................#.................######
.......................................######.#########################################################.......................................................................................######.........#####..........................................####
...................................################################################################...........................................................................................#######........#####.........................................#####
................................################################################################..............................................................................................#######........######.........................................####
................................############################################################..................................................................................................#######........######...........................................##
................................#########################################################.....................................................................................................#######........######.......######................................
.................................#####################################################.........................................................................................................######........######.############................................
.................................#################################################.............................................................................................................######.........#####.############................................
.................................##############################################................................................................................................................#######........#####.############................................
.................................##########################################....................................................................................................................#######........#####.############................................
..................................########################################.....................................................................................................................#######........#####.............................................
..................................####.###################################.....................................................................................................................######.........#####.............................................
..................................##....###################################....................................................................................................................######.........#####.............................................
........................................###################################....................................................................................................................######.........#####.............................................
........................................##########################.######......................................................................................................................######.........#####.............................................
........................................######################.....##.........................................................................................................................................######............................................
.........................................#################....................................................................................................................................................######............................................
.........................................######..######.......................................................................................................................................................######............................................
.........................................##......##...........................................................................................................................................................######............................................
..............................................................................................................................................................................................................######............................................
..............................................................................................................................................................................................................######............................................
..............................................................................................................................................................................................................######............................................
..............................................................................................................................................................................................................######............................................
...............................................................................................................................................................................................................#####............................................
...............................................................................................................................................................................................................#####............................................
...............................................................................................................................................................................................................#####............................................
...............................................................................................................................................................................................................######...........................................
...............................................................................................................................................................................................................######...........................................
...............................................................................................................................................................................................................######...........................................
...............................................................................................................................................................................................................######...........................................
...............................................................................................................................................................................................................######....##########.............................
......................................................................................................................................................................................................####.....####################.............................
......................................................................................................................................................................................................####.....####################.............................
......................................................................................................................................................................................................#####....####################.............................
......................................................................................................................................................................................................#####....###############..................................
......................................................................................................................................................................................................######...#####............................................
.......................................................................................................................................................................................................#####....................................................
.......................................................................................................................................................................................................#####....................................................
.......................................................................................................................................................................................................#####....................................................
.......................................................................................................................................................................................................######...................................................
........................................................................................................................................................................................................#####...................................................
........................................................................................................................................................................................................#####...................................................
........................................................................................................................................................................................................######..................................................
......................###...............................................................................................................................................................................######..................................................
..................#######................................................................................................................................................................................#####..................................................
..............###########................###.............................................................................................................................................................######.................................................
.........#################............######.............................................................................................................................................................######.................................................
.....#####################............######.............................................................................................................................................................######.................................................
.#########################............#######.............................................................................................................................................................#####.................................................
##########################.............######.............................................................................................................................................................######..###..###......................................
###################..######............######.............................................................................................................................................................################......................................
###############.......#####............######.............................................................................................................................................................################...........................#..........
##########............#####............######..............................................................................................................................................................################.........................###.........
######................#####.............######.............................................................................................................................................................################........................#####....#...
##....................#####.............######.............................................................................................................................................................##...###########........................#####...####.
.......................#####............######..................................................................................................................................................................###..######.......................#######.######
.......................#####............######........................................................................................................................................................................######.....................#########.#####
.......................#####.............#####........................................................................................................................................................................######....................#########..#####
.......................#####.............######.......................................................................................................................................................................######..................#########.....####
........................#####............########.....................................................................................................................................................................######.................#########.......###
........................#####............########......................................................................................................................................................................######...............#########.........##
........................#####.............#######......................................................................................................................................................................######..............########............#
.##.....................#####.............#######......................................................................................................................................................................######...............######..............
###......................####.............######.......................................................................................................................................................................######...........#.#######...............
###......................#####............#######.......................................................................................................................................................................######.........########.................
####.....................#####.............######.......................................................................................................................................................................######.......###########................
####.....................#####.............######.......................................................................................................................................................................######......############................
####......................####.............######.......................................................................................................................................................................######.....##############..............#
##........................#####............#######.......................................................................................................................................................................######..#################...........###
..........................#####.............######.....................................................................................................................................................................###################.########.........####
..........................#####.............######..................................................................................................................................................................####################....#######..........###
...........................####.............######...................................................................................................................................................................##################.....########.......#####
...........................####.............#######..................................................................................................................................................................################........########.....######
...........................#####.............######................................................................................................................................................................################...........########...#######
...........................#####.............######..............................................................................................................................................................################..............#######.#########
............................####.............######..............................................................................................................................................................########...###................################.
..........................######.............#######..............................................................................................................................................................#####.....#...................#############...
......................###########.............######..............................................................................................................................................................######.........................###########....
..................###############.............######..............................................................................................................................................................######..........................#########.....
.....##.......###################.............######..............................................................................................................................................................######..........................######.#......
.######....###################................#######..............................................................................................................................................................#####...........................###..........
#######....###############.....................######..............................................................................................................................................................######...........................#...........
########...###########.........................######..............................................................................................................................................................######.......................................
########....######.............................######..............................................................................................................................................................######.......................................
########....#####..............................#######..............................................................................................................................................................#####.......................................
######......######..............................######..............................................................................................................................................................######......................................
##..........######..............................######..............................................................................................................................................................######......................................
............######..............................######..............................................................................................................................................................######......................................
.............#####..............................#######..............................................................................................................................................................#####......................................
.............######..............................######..............................................................................................................................................................######.##..................................
.............######..............................######..............................................................................................................................................................#########..................................
.............######..............................######..............................................................................................................................................................#########..................................
..............######.............................#######..............................................................................................................................................................########.............................#....
..............######..............................######..............................................................................................................................................................######..............................###...
..............######...............###............######..............................................................................................................................................................##.................................#####..
..............######.........#########............######...............................................................................................................................................................................................#######..
..............#######..################...........#######.............................................................................................................................................................................................#########.
...............########################............######............................................................................................................................................................................................###########
.##............########################............######...........................................................................................................................................................................................###########.
###............########################............######..........................................................................................................................................................................................###########..
###............#########################...........#######........................................................................................................................................................................................##########....
####...........################..#######............######......................................................................................................................................................................................###########.....
####............###########.......######...........######......................................................................................................................................................................................###########......
####............#######...........######...........#######....................................................................................................................................................................................##########........
####............###...............#######..........#######...................................................................................................................................................................................##########.........
####..............................#######...........######....................................................................................................................................................................................########..........
#####..............................######...........######.....................................................................................................................................................................................######...........
#####..............................######...........#######.....................................................................................................................................................................................###.............
.####..............................#######..........#######......................................................................................................................................................................................#..............
108
31
25
132
568
394.3158005400